YTBElect_YTB001-XXXXXXXX-XXXXXX
YTBElect_YTB002-XXXXXXXX-XXXXXX
YTBElect_YTB004-XXXXXXXX-XXXXXX
YTBElect_YTB005-XXXXXXXX-XXXXXX
YTBElect_YTB006-XXXXXXXX-XXXXXX
YTBElect_YTB007-XXXXXXXX-XXXXXX
YTBElect_YTB008-XXXXXXXX-XXXXXX
YTBElect_YTB009-XXXXXXXX-XXXXXX
YTBElect_YTB010-XXXXXXXX-XXXXXX
YTBElect_YTB012-XXXXXXXX-XXXXXX
YTBElect_YTB014-XXXXXXXX-XXXXXX
YTBElect_YTB016-XXXXXXXX-XXXXXX
YTBElect_YTB017-XXXXXXXX-XXXXXX
YTBElect_YTB018-XXXXXXXX-XXXXXX
YTBElect_YTB020-XXXXXXXX-XXXXXX
YTBElect_YTB021-XXXXXXXX-XXXXXX
YTBElect_YTB022-XXXXXXXX-XXXXXX
YTBElect_YTB023-XXXXXXXX-XXXXXX
YTBElect_YTB024-XXXXXXXX-XXXXXX
YTBElect_YTB025-XXXXXXXX-XXXXXX
YTBElect_YTB026-XXXXXXXX-XXXXXX
YTBElect_YTB027-XXXXXXXX-XXXXXX
YTBElect_YTB028-XXXXXXXX-XXXXXX
YTBElect_YTB029-XXXXXXXX-XXXXXX
YTBElect_YTB030-XXXXXXXX-XXXXXX
YTBElect_YTB031-XXXXXXXX-XXXXXX
YTBElect_YTB032-XXXXXXXX-XXXXXX
YTBElect_YTB034-XXXXXXXX-XXXXXX
YTBElect_YTB035-XXXXXXXX-XXXXXX
YTBElect_YTB036-XXXXXXXX-XXXXXX
YTBElect_YTB037-XXXXXXXX-XXXXXX
YTBElect_YTB038-XXXXXXXX-XXXXXX
YTBElect_YTB039-XXXXXXXX-XXXXXX
YTBElect_YTB042-XXXXXXXX-XXXXXX
YTBElect_YTB043-XXXXXXXX-XXXXXX
YTBElect_YTB044-XXXXXXXX-XXXXXX
YTBElect_YTB045-XXXXXXXX-XXXXXX
YTBElect_YTB046-XXXXXXXX-XXXXXX
YTBElect_YTB048-XXXXXXXX-XXXXXX
YTBElect_YTB049-XXXXXXXX-XXXXXX
YTBElect_YTB050-XXXXXXXX-XXXXXX
YTBElect_YTB052-XXXXXXXX-XXXXXX
YTBElect_YTB053-XXXXXXXX-XXXXXX
YTBElect_YTB054-XXXXXXXX-XXXXXX
YTBElect_YTB055-XXXXXXXX-XXXXXX
YTBElect_YTB057-XXXXXXXX-XXXXXX
YTBElect_YTB058-XXXXXXXX-XXXXXX
YTBElect_YTB060-XXXXXXXX-XXXXXX
YTBElect_YTB061-XXXXXXXX-XXXXXX
YTBElect_YTB062-XXXXXXXX-XXXXXX
YTBElect_YTB063-XXXXXXXX-XXXXXX
YTBElect_YTB064-XXXXXXXX-XXXXXX
YTBElect_YTB065-XXXXXXXX-XXXXXX
YTBElect_YTB066-XXXXXXXX-XXXXXX
YTBElect_YTB067-XXXXXXXX-XXXXXX
YTBElect_YTB068-XXXXXXXX-XXXXXX
YTBElect_YTB069-XXXXXXXX-XXXXXX
YTBElect_YTB070-XXXXXXXX-XXXXXX
YTBElect_YTB071-XXXXXXXX-XXXXXX
YTBElect_YTB073-XXXXXXXX-XXXXXX
YTBElect_YTB075-XXXXXXXX-XXXXXX
YTBElect_YTB076-XXXXXXXX-XXXXXX
YTBElect_YTB077-XXXXXXXX-XXXXXX
YTBElect_YTB078-XXXXXXXX-XXXXXX
YTBElect_YTB079-XXXXXXXX-XXXXXX
YTBElect_YTB080-XXXXXXXX-XXXXXX
YTBElect_YTB084-XXXXXXXX-XXXXXX
YTBElect_YTB085-XXXXXXXX-XXXXXX
YTBElect_YTB087-XXXXXXXX-XXXXXX
YTBElect_YTB088-XXXXXXXX-XXXXXX
YTBElect_YTB090-XXXXXXXX-XXXXXX
YTBElect_YTB092-XXXXXXXX-XXXXXX
YTBElect_YTB094-XXXXXXXX-XXXXXX
YTBElect_YTB095-XXXXXXXX-XXXXXX
YTBElect_YTB097-XXXXXXXX-XXXXXX
YTBElect_YTB098-XXXXXXXX-XXXXXX
YTBElect_YTB099-XXXXXXXX-XXXXXX
YTBElect_YTB100-XXXXXXXX-XXXXXX
