YTBElect_YTB101-XXXXXXXX-XXXXXX
YTBElect_YTB102-XXXXXXXX-XXXXXX
YTBElect_YTB103-XXXXXXXX-XXXXXX
YTBElect_YTB104-XXXXXXXX-XXXXXX
YTBElect_YTB105-XXXXXXXX-XXXXXX
YTBElect_YTB106-XXXXXXXX-XXXXXX
YTBElect_YTB107-XXXXXXXX-XXXXXX
YTBElect_YTB108-XXXXXXXX-XXXXXX
YTBElect_YTB109-XXXXXXXX-XXXXXX
YTBElect_YTB110-XXXXXXXX-XXXXXX
YTBElect_YTB111-XXXXXXXX-XXXXXX
YTBElect_YTB112-XXXXXXXX-XXXXXX
YTBElect_YTB113-XXXXXXXX-XXXXXX
YTBElect_YTB114-XXXXXXXX-XXXXXX
YTBElect_YTB115-XXXXXXXX-XXXXXX
YTBElect_YTB116-XXXXXXXX-XXXXXX
YTBElect_YTB117-XXXXXXXX-XXXXXX
YTBElect_YTB118-XXXXXXXX-XXXXXX
YTBElect_YTB119-XXXXXXXX-XXXXXX
YTBElect_YTB120-XXXXXXXX-XXXXXX
YTBElect_YTB121-XXXXXXXX-XXXXXX
YTBElect_YTB122-XXXXXXXX-XXXXXX
YTBElect_YTB123-XXXXXXXX-XXXXXX
YTBElect_YTB124-XXXXXXXX-XXXXXX
YTBElect_YTB125-XXXXXXXX-XXXXXX
YTBElect_YTB126-XXXXXXXX-XXXXXX
YTBElect_YTB127-XXXXXXXX-XXXXXX
YTBElect_YTB128-XXXXXXXX-XXXXXX
YTBElect_YTB129-XXXXXXXX-XXXXXX
YTBElect_YTB130-XXXXXXXX-XXXXXX
YTBElect_YTB131-XXXXXXXX-XXXXXX
YTBElect_YTB132-XXXXXXXX-XXXXXX
YTBElect_YTB133-XXXXXXXX-XXXXXX
YTBElect_YTB134-XXXXXXXX-XXXXXX
YTBElect_YTB135-XXXXXXXX-XXXXXX
YTBElect_YTB136-XXXXXXXX-XXXXXX
YTBElect_YTB137-XXXXXXXX-XXXXXX
YTBElect_YTB138-XXXXXXXX-XXXXXX
YTBElect_YTB139-XXXXXXXX-XXXXXX
YTBElect_YTB140-XXXXXXXX-XXXXXX
YTBElect_YTB141-XXXXXXXX-XXXXXX
YTBElect_YTB142-XXXXXXXX-XXXXXX
YTBElect_YTB143-XXXXXXXX-XXXXXX
YTBElect_YTB144-XXXXXXXX-XXXXXX
YTBElect_YTB145-XXXXXXXX-XXXXXX
YTBElect_YTB146-XXXXXXXX-XXXXXX
YTBElect_YTB147-XXXXXXXX-XXXXXX
YTBElect_YTB148-XXXXXXXX-XXXXXX
YTBElect_YTB149-XXXXXXXX-XXXXXX
YTBElect_YTB150-XXXXXXXX-XXXXXX
YTBElect_YTB151-XXXXXXXX-XXXXXX
YTBElect_YTB152-XXXXXXXX-XXXXXX
YTBElect_YTB153-XXXXXXXX-XXXXXX
YTBElect_YTB154-XXXXXXXX-XXXXXX
YTBElect_YTB155-XXXXXXXX-XXXXXX
YTBElect_YTB156-XXXXXXXX-XXXXXX
YTBElect_YTB157-XXXXXXXX-XXXXXX
YTBElect_YTB158-XXXXXXXX-XXXXXX
YTBElect_YTB159-XXXXXXXX-XXXXXX
YTBElect_YTB160-XXXXXXXX-XXXXXX
YTBElect_YTB161-XXXXXXXX-XXXXXX
YTBElect_YTB162-XXXXXXXX-XXXXXX
YTBElect_YTB163-XXXXXXXX-XXXXXX
YTBElect_YTB164-XXXXXXXX-XXXXXX
YTBElect_YTB165-XXXXXXXX-XXXXXX
YTBElect_YTB166-XXXXXXXX-XXXXXX
YTBElect_YTB167-XXXXXXXX-XXXXXX
YTBElect_YTB168-XXXXXXXX-XXXXXX
YTBElect_YTB169-XXXXXXXX-XXXXXX
YTBElect_YTB170-XXXXXXXX-XXXXXX
YTBElect_YTB171-XXXXXXXX-XXXXXX
YTBElect_YTB172-XXXXXXXX-XXXXXX
YTBElect_YTB173-XXXXXXXX-XXXXXX
YTBElect_YTB174-XXXXXXXX-XXXXXX
YTBElect_YTB175-XXXXXXXX-XXXXXX
YTBElect_YTB176-XXXXXXXX-XXXXXX
YTBElect_YTB177-XXXXXXXX-XXXXXX
YTBElect_YTB178-XXXXXXXX-XXXXXX
YTBElect_YTB179-XXXXXXXX-XXXXXX
YTBElect_YTB180-XXXXXXXX-XXXXXX
YTBElect_YTB181-XXXXXXXX-XXXXXX
YTBElect_YTB182-XXXXXXXX-XXXXXX
YTBElect_YTB183-XXXXXXXX-XXXXXX
YTBElect_YTB184-XXXXXXXX-XXXXXX
YTBElect_YTB185-XXXXXXXX-XXXXXX
YTBElect_YTB186-XXXXXXXX-XXXXXX
YTBElect_YTB187-XXXXXXXX-XXXXXX
YTBElect_YTB188-XXXXXXXX-XXXXXX
YTBElect_YTB189-XXXXXXXX-XXXXXX
YTBElect_YTB190-XXXXXXXX-XXXXXX
YTBElect_YTB191-XXXXXXXX-XXXXXX
YTBElect_YTB192-XXXXXXXX-XXXXXX
YTBElect_YTB193-XXXXXXXX-XXXXXX
YTBElect_YTB194-XXXXXXXX-XXXXXX
YTBElect_YTB195-XXXXXXXX-XXXXXX
YTBElect_YTB196-XXXXXXXX-XXXXXX
YTBElect_YTB197-XXXXXXXX-XXXXXX
YTBElect_YTB198-XXXXXXXX-XXXXXX
YTBElect_YTB199-XXXXXXXX-XXXXXX
YTBElect_YTB200-XXXXXXXX-XXXXXX
YTBElect_YTB201-XXXXXXXX-XXXXXX
YTBElect_YTB202-XXXXXXXX-XXXXXX
YTBElect_YTB203-XXXXXXXX-XXXXXX
YTBElect_YTB204-XXXXXXXX-XXXXXX
YTBElect_YTB205-XXXXXXXX-XXXXXX
YTBElect_YTB206-XXXXXXXX-XXXXXX
YTBElect_YTB207-XXXXXXXX-XXXXXX
YTBElect_YTB208-XXXXXXXX-XXXXXX
YTBElect_YTB209-XXXXXXXX-XXXXXX
YTBElect_YTB210-XXXXXXXX-XXXXXX
YTBElect_YTB211-XXXXXXXX-XXXXXX
YTBElect_YTB212-XXXXXXXX-XXXXXX
